
a.out:     file format elf32-bigmips

SYMBOL TABLE:
06000000 l    d  .data	00000000 .data
06029ab0 l       .data	00000000 _gp
06015d58 g     O .data	00000020 gMajinBuuSkel_Pants1_Index_pal_rgba16
060202e0 g     O .data	0000000c gMajinBuuSkelLimb_022
0600a4e0 g     O .data	00000400 gGanondorfCrazedEyeTex
0601ef78 g     O .data	00000470 gMajinBuuSkel_bone024_gGanondorfRightFootLimb_mesh_layer_Opaque_vtx_0
0601003c g     O .data	0000000c gGanondorfLeftThighLimb
060095b0 g     O .data	00000070 gGanondorfHandTLUT
06020214 g     O .data	0000000c gMajinBuuSkelLimb_005
06021870 g     O .data	000000c0 _MajinBuuRightHandOpen__MajinBuuRightHandOpen_mesh_layer_Opaque_tri_1
0601eee0 g     O .data	00000098 gMajinBuuSkel_bone023_gGanondorfRightShinLimb_mesh_layer_Opaque_tri_1
06016ae8 g     O .data	00000560 gMajinBuuSkel_bone001_gGanondorfTorsoLimb_mesh_layer_Opaque_vtx_0
06020298 g     O .data	0000000c gMajinBuuSkelLimb_016
060200b8 g     O .data	00000038 gMajinBuuSkel_bone019_gGanondorfLeftThighLimb_mesh_layer_Opaque
06000000 g       .data	00000000 _fdata
06010048 g     O .data	0000000c gGanondorfLeftShinLimb
0601fb10 g     O .data	00000018 mat_revert_gMajinBuuSkel_F3D_Face_layerOpaque
060201fc g     O .data	0000000c gMajinBuuSkelLimb_003
06010968 g     O .data	00000400 gMajinBuuSkel_Vest3_ci8
0600c9e8 g     O .data	00000518 gGanondorfRightHandOpenDL
06017de8 g     O .data	000000d0 gMajinBuuSkel_bone002_gGanondorfLeftShoulderLimb_mesh_layer_Opaque_vtx_1
0600a260 g     O .data	00000200 gGanondorfGauntletAndPauldronTex
0601a708 g     O .data	00000110 gMajinBuuSkel_bone009_gGanondorfRightHandLimb_mesh_layer_Opaque_tri_0
060083d0 g     O .data	00000020 gGanondorfTeethTex
06006f20 g     O .data	00000128 gGanondorfRightForearmDL
060129e0 g     O .data	00000048 gMajinBuuSkel_Wrist_pal_rgba16
06020280 g     O .data	0000000c gMajinBuuSkelLimb_014
06015538 g     O .data	00000020 gMajinBuuSkel_Pants2_Index_pal_rgba16
0601fba8 g     O .data	00000018 mat_revert_gMajinBuuSkel_F3D_Belt_layerOpaque
060054d8 g     O .data	00000b58 gGanondorfHeadDL
0601f9e0 g     O .data	00000018 mat_revert_gMajinBuuSkel_F3D_Hand_layerOpaque
06020304 g     O .data	00000064 gMajinBuuSkelLimbs
060062f0 g     O .data	00000170 gGanondorfUpperHairEndDL
06007b10 g     O .data	00000200 gGanondorfSkinTLUT
06011638 g     O .data	000001b8 gMajinBuuSkel_Vest1_pal_rgba16
06017da8 g     O .data	00000040 gMajinBuuSkel_bone002_gGanondorfLeftShoulderLimb_mesh_layer_Opaque_tri_0
06010e38 g     O .data	00000800 gMajinBuuSkel_Vest1_ci8
06010000 g     O .data	0000000c gGanondorfUpperHairEndLimb
06004c08 g     O .data	00000200 gGanondorfRightShinDL
0601f948 g     O .data	00000018 mat_revert_gMajinBuuSkel_F3D_HandInside_layerOpaque
06020368 g     O .data	0000000c gMajinBuuSkel
0601e230 g     O .data	000001d0 gMajinBuuSkel_bone022_gGanondorfRightThighLimb_mesh_layer_Opaque_vtx_0
0600f700 g     O .data	000007ac sGanondorfEndingFloatAnimFrameData
0601f798 g     O .data	00000080 mat_gMajinBuuSkel_F3D_Arm_layerOpaque
0601fa78 g     O .data	00000018 mat_revert_gMajinBuuSkel_F3D_Head_layerOpaque
0601b168 g     O .data	00000bb0 gMajinBuuSkel_bone017_gGanondorfHeadLimb_mesh_layer_Opaque_vtx_0
06008730 g     O .data	00000200 gGanondorfEyeOrbitTex
06020220 g     O .data	0000000c gMajinBuuSkelLimb_006
06010030 g     O .data	0000000c gGanondorfPelvisLimb
0601dc70 g     O .data	00000470 gMajinBuuSkel_bone021_gGanondorfLeftFootLimb_mesh_layer_Opaque_vtx_0
06021570 g     O .data	00000300 _MajinBuuRightHandOpen__MajinBuuRightHandOpen_mesh_layer_Opaque_vtx_1
06014428 g     O .data	00000800 gMajinBuuSkel_Belt_ci8
06020bb0 g     O .data	00000050 _MajinBuuRightHandOpen_HandInside_pal_rgba16
0601cce8 g     O .data	00000030 gMajinBuuSkel_bone018_gGanondorfPelvisLimb_mesh_layer_Opaque_tri_2
06008090 g     O .data	00000100 gGanondorfSideburnTex
060202b0 g     O .data	0000000c gMajinBuuSkelLimb_018
06015d78 g     O .data	00000400 gMajinBuuSkel_Legs_ci8
0600a460 g     O .data	00000040 gGanondorfHandSideTex
06012a28 g     O .data	00000400 gMajinBuuSkel_HandInside_ci8
0601a0c8 g     O .data	000000e8 gMajinBuuSkel_bone008_gGanondorfRightForearmLimb_mesh_layer_Opaque_tri_0
0601cb10 g     O .data	000000b8 gMajinBuuSkel_bone018_gGanondorfPelvisLimb_mesh_layer_Opaque_tri_0
0601f650 g     O .data	00000018 mat_revert_gMajinBuuSkel_F3D_Vest3_layerOpaque
060202d4 g     O .data	0000000c gMajinBuuSkelLimb_021
0601fcd8 g     O .data	00000018 mat_revert_gMajinBuuSkel_F3D_Pants1_layerOpaque
06010018 g     O .data	0000000c gGanondorfRightUpperLipLimb
06007f90 g     O .data	00000100 gGanondorfJawTex
0602025c g     O .data	0000000c gMajinBuuSkelLimb_011
060171c0 g     O .data	00000200 gMajinBuuSkel_bone001_gGanondorfTorsoLimb_mesh_layer_Opaque_vtx_1
06008b30 g     O .data	00000200 gGanondorfRedFabricTex
0602028c g     O .data	0000000c gMajinBuuSkelLimb_015
0600ff58 g     O .data	0000000c gGanondorfRootLimb
06006b90 g     O .data	00000390 gGanondorfTorsoDL
06008470 g     O .data	00000100 gGanondorfHairFringeTex
060186c8 g     O .data	000000e8 gMajinBuuSkel_bone004_gGanondorfLeftForearmLimb_mesh_layer_Opaque_tri_0
06017048 g     O .data	00000178 gMajinBuuSkel_bone001_gGanondorfTorsoLimb_mesh_layer_Opaque_tri_0
06020244 g     O .data	0000000c gMajinBuuSkelLimb_009
0601f780 g     O .data	00000018 mat_revert_gMajinBuuSkel_F3D_Vest2_layerOpaque
060207b0 g     O .data	00000400 _MajinBuuRightHandOpen_HandInside_ci8
0601cc48 g     O .data	000000a0 gMajinBuuSkel_bone018_gGanondorfPelvisLimb_mesh_layer_Opaque_vtx_2
0601ec58 g     O .data	000000f8 gMajinBuuSkel_bone023_gGanondorfRightShinLimb_mesh_layer_Opaque_tri_0
060201e4 g     O .data	0000000c gMajinBuuSkelLimb_001
06008d30 g     O .data	00000080 gGanondorfBodysuitTex
06018250 g     O .data	00000128 gMajinBuuSkel_bone003_gGanondorfLeftUpperArmLimb_mesh_layer_Opaque_tri_0
0600ffdc g     O .data	0000000c gGanondorfLeftUpperLipLimb
06019d78 g     O .data	00000350 gMajinBuuSkel_bone008_gGanondorfRightForearmLimb_mesh_layer_Opaque_vtx_0
060176d8 g     O .data	000000e0 gMajinBuuSkel_bone001_gGanondorfTorsoLimb_mesh_layer_Opaque_tri_2
06019828 g     O .data	000000d0 gMajinBuuSkel_bone006_gGanondorfRightShoulderLimb_mesh_layer_Opaque_vtx_1
0600ff48 g     O .data	00000010 gGanondorfEndingFloatAnim
0601f9f8 g     O .data	00000080 mat_gMajinBuuSkel_F3D_Head_layerOpaque
060049c0 g     O .data	00000248 gGanondorfPelvisDL
06020778 g     O .data	00000038 _MajinBuuRightHandOpen_Hand_pal_rgba16
0601e928 g     O .data	00000330 gMajinBuuSkel_bone023_gGanondorfRightShinLimb_mesh_layer_Opaque_vtx_0
06020208 g     O .data	0000000c gMajinBuuSkelLimb_004
0601fa90 g     O .data	00000080 mat_gMajinBuuSkel_F3D_Face_layerOpaque
0600be90 g     O .data	000000b0 gGanondorfEyesDL
0601fc40 g     O .data	00000018 mat_revert_gMajinBuuSkel_F3D_Pants2_layerOpaque
060082d0 g     O .data	00000100 gGanondorfHairTex
0600a4a0 g     O .data	00000040 gGanondorfFingerTex
0600ff88 g     O .data	0000000c gGanondorfLeftForearmLimb
0601fb28 g     O .data	00000080 mat_gMajinBuuSkel_F3D_Belt_layerOpaque
0601d638 g     O .data	00000320 gMajinBuuSkel_bone020_gGanondorfLeftShinLimb_mesh_layer_Opaque_vtx_0
0600ffac g     O .data	0000000c gGanondorfRightUpperArmLimb
0601f818 g     O .data	00000018 mat_revert_gMajinBuuSkel_F3D_Arm_layerOpaque
0601e400 g     O .data	000000a0 gMajinBuuSkel_bone022_gGanondorfRightThighLimb_mesh_layer_Opaque_tri_0
0600ff94 g     O .data	0000000c gGanondorfLeftHandLimb
06005270 g     O .data	00000118 gGanondorfLeftFootDL
06008630 g     O .data	00000100 gGanondorfEarTex
0600c048 g     O .data	000004d0 gGanondorfLeftHandDL
06018978 g     O .data	000003a0 gMajinBuuSkel_bone005_gGanondorfLeftHandLimb_mesh_layer_Opaque_vtx_0
06007640 g     O .data	000002c8 gGanondorfLeftUpperArmDL
06014d38 g     O .data	00000800 gMajinBuuSkel_Pants2_Index_ci4
06016178 g     O .data	00000038 gMajinBuuSkel_Legs_pal_rgba16
0601fec0 g     O .data	00000020 gMajinBuuSkel_bone003_gGanondorfLeftUpperArmLimb_mesh_layer_Opaque
06007f10 g     O .data	00000080 gGanondorfInnerMouthTex
060187b0 g     O .data	00000150 gMajinBuuSkel_bone004_gGanondorfLeftForearmLimb_mesh_layer_Opaque_vtx_1
06010060 g     O .data	0000000c gGanondorfRightThighLimb
060173c0 g     O .data	00000068 gMajinBuuSkel_bone001_gGanondorfTorsoLimb_mesh_layer_Opaque_tri_1
06019568 g     O .data	000001f0 gMajinBuuSkel_bone005_gGanondorfLeftHandLimb_mesh_layer_Opaque_tri_1
060219c8 g     O .data	00000080 mat__MajinBuuRightHandOpen_F3D_HandInside_layerOpaque
06020274 g     O .data	0000000c gMajinBuuSkelLimb_013
0601dbd8 g     O .data	00000098 gMajinBuuSkel_bone020_gGanondorfLeftShinLimb_mesh_layer_Opaque_tri_1
06020c00 g     O .data	00000080 _MajinBuuRightHandOpen__MajinBuuRightHandOpen_mesh_layer_Opaque_vtx_cull
0600ffd0 g     O .data	0000000c gGanondorfJewelLimb
060066e8 g     O .data	00000340 gGanondorfMouthDL
060081d0 g     O .data	00000100 gGanondorfUpperLipTex
0601fd88 g     O .data	00000080 mat_gMajinBuuSkel_F3D_Feet_layerOpaque
06017428 g     O .data	000002b0 gMajinBuuSkel_bone001_gGanondorfTorsoLimb_mesh_layer_Opaque_vtx_2
06007310 g     O .data	00000208 gGanondorfRightShoulderDL
06010d68 g     O .data	000000d0 gMajinBuuSkel_Vest3_pal_rgba16
0600ff64 g     O .data	0000000c gGanondorfTorsoLimb
0600ffe8 g     O .data	0000000c gGanondorfMouthLimb
0600cf00 g     O .data	00002800 gGanondorfTitleCardTex
06017d18 g     O .data	00000090 gMajinBuuSkel_bone002_gGanondorfLeftShoulderLimb_mesh_layer_Opaque_vtx_0
0600a220 g     O .data	00000040 gGanondorfThumbTex
0601ffe0 g     O .data	00000038 gMajinBuuSkel_bone009_gGanondorfRightHandLimb_mesh_layer_Opaque
060083f0 g     O .data	00000080 gGanondorfEyebrowTex
06020148 g     O .data	00000038 gMajinBuuSkel_bone022_gGanondorfRightThighLimb_mesh_layer_Opaque
0601d530 g     O .data	00000108 gMajinBuuSkel_bone019_gGanondorfLeftThighLimb_mesh_layer_Opaque_tri_1
060202a4 g     O .data	0000000c gMajinBuuSkelLimb_017
06007d10 g     O .data	00000200 gGanondorfHairTLUT
0601a818 g     O .data	00000760 gMajinBuuSkel_bone009_gGanondorfRightHandLimb_mesh_layer_Opaque_vtx_1
06020238 g     O .data	0000000c gMajinBuuSkelLimb_008
060200f0 g     O .data	00000038 gMajinBuuSkel_bone020_gGanondorfLeftShinLimb_mesh_layer_Opaque
06018378 g     O .data	00000350 gMajinBuuSkel_bone004_gGanondorfLeftForearmLimb_mesh_layer_Opaque_vtx_0
06006a28 g     O .data	00000168 gGanondorfLeftUpperLipDL
0601bd18 g     O .data	00000300 gMajinBuuSkel_bone017_gGanondorfHeadLimb_mesh_layer_Opaque_tri_0
0601ff18 g     O .data	00000038 gMajinBuuSkel_bone005_gGanondorfLeftHandLimb_mesh_layer_Opaque
06014c28 g     O .data	00000110 gMajinBuuSkel_Belt_pal_rgba16
06019c60 g     O .data	00000118 gMajinBuuSkel_bone007_gGanondorfRightUpperArmLimb_mesh_layer_Opaque_tri_0
0601f5b8 g     O .data	00000018 mat_revert_gMajinBuuSkel_F3D_Cape_layerOpaque
060202ec g     O .data	0000000c gMajinBuuSkelLimb_023
06007908 g     O .data	00000208 gGanondorfLeftShoulderDL
0601fd70 g     O .data	00000018 mat_revert_gMajinBuuSkel_F3D_Legs_layerOpaque
0600ffb8 g     O .data	0000000c gGanondorfRightForearmLimb
06006460 g     O .data	00000288 gGanondorfJawDL
0601f6e8 g     O .data	00000018 mat_revert_gMajinBuuSkel_F3D_Vest1_layerOpaque
0601cec8 g     O .data	000000b8 gMajinBuuSkel_bone018_gGanondorfPelvisLimb_mesh_layer_Opaque_tri_3
0600ff7c g     O .data	0000000c gGanondorfLeftUpperArmLimb
0601ff50 g     O .data	00000038 gMajinBuuSkel_bone006_gGanondorfRightShoulderLimb_mesh_layer_Opaque
0601fc58 g     O .data	00000080 mat_gMajinBuuSkel_F3D_Pants1_layerOpaque
0601ff88 g     O .data	00000020 gMajinBuuSkel_bone007_gGanondorfRightUpperArmLimb_mesh_layer_Opaque
06012550 g     O .data	00000090 gMajinBuuSkel_Arm_pal_rgba16
060219b0 g     O .data	00000018 mat_revert__MajinBuuRightHandOpen_F3D_Hand_layerOpaque
06009a20 g     O .data	00000400 gGanondorfNormalEyeTex
06013ab0 g     O .data	000000b0 gMajinBuuSkel_Head_pal_rgba16
06012e78 g     O .data	00000400 gMajinBuuSkel_Hand_ci8
06009620 g     O .data	00000400 gGanondorfJewelTex
0601fe08 g     O .data	00000018 mat_revert_gMajinBuuSkel_F3D_Feet_layerOpaque
06020378 g     O .data	00000400 _MajinBuuRightHandOpen_Hand_ci8
06017f00 g     O .data	00000350 gMajinBuuSkel_bone003_gGanondorfLeftUpperArmLimb_mesh_layer_Opaque_vtx_0
06020180 g     O .data	00000038 gMajinBuuSkel_bone023_gGanondorfRightShinLimb_mesh_layer_Opaque
0601cbc8 g     O .data	00000060 gMajinBuuSkel_bone018_gGanondorfPelvisLimb_mesh_layer_Opaque_vtx_1
06020268 g     O .data	0000000c gMajinBuuSkelLimb_012
06008fb0 g     O .data	00000200 gGanondorfCapeFasteningTex
060202f8 g     O .data	0000000c gMajinBuuSkelLimb_024
06006030 g     O .data	00000168 gGanondorfRightUpperLipDL
06019758 g     O .data	00000090 gMajinBuuSkel_bone006_gGanondorfRightShoulderLimb_mesh_layer_Opaque_vtx_0
060201d8 g     O .data	0000000c gMajinBuuSkelLimb_000
06021ac0 g       .data	00000000 __bss_start
0601a1b0 g     O .data	00000150 gMajinBuuSkel_bone008_gGanondorfRightForearmLimb_mesh_layer_Opaque_vtx_1
0601cd18 g     O .data	000001b0 gMajinBuuSkel_bone018_gGanondorfPelvisLimb_mesh_layer_Opaque_vtx_3
060132b0 g     O .data	00000800 gMajinBuuSkel_Head_ci8
06010100 g     O .data	00000800 gMajinBuuSkel_Cape_ci8
0601cf80 g     O .data	000001d0 gMajinBuuSkel_bone019_gGanondorfLeftThighLimb_mesh_layer_Opaque_vtx_0
06011d50 g     O .data	00000800 gMajinBuuSkel_Arm_ci8
06000000 g     O .data	000049c0 object_ganonVtx_000000
0601f700 g     O .data	00000080 mat_gMajinBuuSkel_F3D_Vest2_layerOpaque
060201b8 g     O .data	00000020 gMajinBuuSkel_bone024_gGanondorfRightFootLimb_mesh_layer_Opaque
0602022c g     O .data	0000000c gMajinBuuSkelLimb_007
0600a020 g     O .data	00000200 gGanondorfBlackLeatherTex
06021930 g     O .data	00000080 mat__MajinBuuRightHandOpen_F3D_Hand_layerOpaque
0600bf40 g     O .data	00000108 gGanondorfJewelDL
0601000c g     O .data	0000000c gGanondorfLowerHairEndLimb
06004e08 g     O .data	00000118 gGanondorfRightFootDL
0600ffc4 g     O .data	0000000c gGanondorfRightHandLimb
06013278 g     O .data	00000038 gMajinBuuSkel_Hand_pal_rgba16
06018e28 g     O .data	00000740 gMajinBuuSkel_bone005_gGanondorfLeftHandLimb_mesh_layer_Opaque_vtx_1
06020050 g     O .data	00000068 gMajinBuuSkel_bone018_gGanondorfPelvisLimb_mesh_layer_Opaque
06020128 g     O .data	00000020 gMajinBuuSkel_bone021_gGanondorfLeftFootLimb_mesh_layer_Opaque
0601f8b0 g     O .data	00000018 mat_revert_gMajinBuuSkel_F3D_Wrist_layerOpaque
0600c518 g     O .data	000004d0 gGanondorfRightHandClosedDL
060125e0 g     O .data	00000400 gMajinBuuSkel_Wrist_ci8
0601fbc0 g     O .data	00000080 mat_gMajinBuuSkel_F3D_Pants2_layerOpaque
060169b0 g     O .data	00000138 gMajinBuuSkel_Feet_pal_rgba16
0601e810 g     O .data	00000118 gMajinBuuSkel_bone022_gGanondorfRightThighLimb_mesh_layer_Opaque_tri_1
0601d958 g     O .data	000000f0 gMajinBuuSkel_bone020_gGanondorfLeftShinLimb_mesh_layer_Opaque_tri_0
06017eb8 g     O .data	00000048 gMajinBuuSkel_bone002_gGanondorfLeftShoulderLimb_mesh_layer_Opaque_tri_1
06010900 g     O .data	00000068 gMajinBuuSkel_Cape_pal_rgba16
0601fee0 g     O .data	00000038 gMajinBuuSkel_bone004_gGanondorfLeftForearmLimb_mesh_layer_Opaque
060100e8 g     O .data	0000000c gGanondorfSkel
0601f8c8 g     O .data	00000080 mat_gMajinBuuSkel_F3D_HandInside_layerOpaque
0601c018 g     O .data	00000660 gMajinBuuSkel_bone017_gGanondorfHeadLimb_mesh_layer_Opaque_vtx_1
0601fe88 g     O .data	00000038 gMajinBuuSkel_bone002_gGanondorfLeftShoulderLimb_mesh_layer_Opaque
06018d18 g     O .data	00000110 gMajinBuuSkel_bone005_gGanondorfLeftHandLimb_mesh_layer_Opaque_tri_0
0601af78 g     O .data	000001f0 gMajinBuuSkel_bone009_gGanondorfRightHandLimb_mesh_layer_Opaque_tri_1
06008570 g     O .data	00000080 gGanondorfNoseBridgeTex
0601fcf0 g     O .data	00000080 mat_gMajinBuuSkel_F3D_Legs_layerOpaque
06012e28 g     O .data	00000050 gMajinBuuSkel_HandInside_pal_rgba16
0600ffa0 g     O .data	0000000c gGanondorfRightShoulderLimb
06021a48 g     O .data	00000018 mat_revert__MajinBuuRightHandOpen_F3D_HandInside_layerOpaque
0601d150 g     O .data	000000a0 gMajinBuuSkel_bone019_gGanondorfLeftThighLimb_mesh_layer_Opaque_tri_0
06010024 g     O .data	0000000c gGanondorfHeadLimb
0601ffa8 g     O .data	00000038 gMajinBuuSkel_bone008_gGanondorfRightForearmLimb_mesh_layer_Opaque
06019940 g     O .data	00000320 gMajinBuuSkel_bone007_gGanondorfRightUpperArmLimb_mesh_layer_Opaque_vtx_0
06007048 g     O .data	000002c8 gGanondorfRightUpperArmDL
060202c8 g     O .data	0000000c gMajinBuuSkelLimb_020
0601e4a0 g     O .data	00000370 gMajinBuuSkel_bone022_gGanondorfRightThighLimb_mesh_layer_Opaque_vtx_1
06021ac0 g       .data	00000000 _edata
0601d1f0 g     O .data	00000340 gMajinBuuSkel_bone019_gGanondorfLeftThighLimb_mesh_layer_Opaque_vtx_1
0601f668 g     O .data	00000080 mat_gMajinBuuSkel_F3D_Vest1_layerOpaque
06021ac0 g       .data	00000000 _end
06005070 g     O .data	00000200 gGanondorfLeftShinDL
0600feac g     O .data	0000009c sGanondorfEndingFloatAnimJointIndices
06009e20 g     O .data	00000200 gGanondorfChestJewelTex
06011bf0 g     O .data	00000160 gMajinBuuSkel_Vest2_pal_rgba16
06007518 g     O .data	00000128 gGanondorfLeftForearmDL
060161b0 g     O .data	00000800 gMajinBuuSkel_Feet_ci8
0601a378 g     O .data	00000390 gMajinBuuSkel_bone009_gGanondorfRightHandLimb_mesh_layer_Opaque_vtx_0
0601e0e0 g     O .data	00000150 gMajinBuuSkel_bone021_gGanondorfLeftFootLimb_mesh_layer_Opaque_tri_0
060197e8 g     O .data	00000040 gMajinBuuSkel_bone006_gGanondorfRightShoulderLimb_mesh_layer_Opaque_tri_0
060091b0 g     O .data	00000400 gGanondorfGerudoFabricWithSunTex
0601a300 g     O .data	00000078 gMajinBuuSkel_bone008_gGanondorfRightForearmLimb_mesh_layer_Opaque_tri_1
0601cc28 g     O .data	00000020 gMajinBuuSkel_bone018_gGanondorfPelvisLimb_mesh_layer_Opaque_tri_1
060201f0 g     O .data	0000000c gMajinBuuSkelLimb_002
0601006c g     O .data	0000000c gGanondorfRightShinLimb
0601c678 g     O .data	000001b8 gMajinBuuSkel_bone017_gGanondorfHeadLimb_mesh_layer_Opaque_tri_1
0600ace0 g     O .data	000011b0 object_ganonVtx_00ACE0
06008930 g     O .data	00000200 gGanondorfGerudoFabricTex
06008db0 g     O .data	00000200 gGanondorfLeatherTex
0601f3e8 g     O .data	00000150 gMajinBuuSkel_bone024_gGanondorfRightFootLimb_mesh_layer_Opaque_tri_0
06021390 g     O .data	000001e0 _MajinBuuRightHandOpen__MajinBuuRightHandOpen_mesh_layer_Opaque_tri_0
06010084 g     O .data	00000064 gGanondorfSkelLimbs
06010054 g     O .data	0000000c gGanondorfLeftFootLimb
0601ed50 g     O .data	00000190 gMajinBuuSkel_bone023_gGanondorfRightShinLimb_mesh_layer_Opaque_vtx_1
0601fe20 g     O .data	00000068 gMajinBuuSkel_bone001_gGanondorfTorsoLimb_mesh_layer_Opaque
0601f5d0 g     O .data	00000080 mat_gMajinBuuSkel_F3D_Vest3_layerOpaque
06020c80 g     O .data	00000710 _MajinBuuRightHandOpen__MajinBuuRightHandOpen_mesh_layer_Opaque_vtx_0
06004f20 g     O .data	00000150 gGanondorfRightThighDL
060202bc g     O .data	0000000c gMajinBuuSkelLimb_019
0600fff4 g     O .data	0000000c gGanondorfJawLimb
06006198 g     O .data	00000158 gGanondorfLowerHairEndDL
06015558 g     O .data	00000800 gMajinBuuSkel_Pants1_Index_ci4
06005388 g     O .data	00000150 gGanondorfLeftThighDL
06013b60 g     O .data	00000800 gMajinBuuSkel_Face_ci8
06017be8 g     O .data	00000130 gMajinBuuSkel_bone001_gGanondorfTorsoLimb_mesh_layer_Opaque_tri_3
06020250 g     O .data	0000000c gMajinBuuSkelLimb_010
06010078 g     O .data	0000000c gGanondorfRightFootLimb
0600ff70 g     O .data	0000000c gGanondorfLeftShoulderLimb
0601f538 g     O .data	00000080 mat_gMajinBuuSkel_F3D_Cape_layerOpaque
060117f0 g     O .data	00000400 gMajinBuuSkel_Vest2_ci8
060085f0 g     O .data	00000040 gGanondorfNoseTex
06021ac0 g       .data	00000000 _fbss
0600a8e0 g     O .data	00000400 gGanondorfEmptyEyeTex
0601da48 g     O .data	00000190 gMajinBuuSkel_bone020_gGanondorfLeftShinLimb_mesh_layer_Opaque_vtx_1
06014360 g     O .data	000000c8 gMajinBuuSkel_Face_pal_rgba16
0601f960 g     O .data	00000080 mat_gMajinBuuSkel_F3D_Hand_layerOpaque
06008190 g     O .data	00000040 gGanondorfOuterMouthTex
060177b8 g     O .data	00000430 gMajinBuuSkel_bone001_gGanondorfTorsoLimb_mesh_layer_Opaque_vtx_3
0601c830 g     O .data	000002e0 gMajinBuuSkel_bone018_gGanondorfPelvisLimb_mesh_layer_Opaque_vtx_0
0601f830 g     O .data	00000080 mat_gMajinBuuSkel_F3D_Wrist_layerOpaque
06020018 g     O .data	00000038 gMajinBuuSkel_bone017_gGanondorfHeadLimb_mesh_layer_Opaque
06018900 g     O .data	00000078 gMajinBuuSkel_bone004_gGanondorfLeftForearmLimb_mesh_layer_Opaque_tri_1
06021a60 g     O .data	00000058 _MajinBuuRightHandOpen
060198f8 g     O .data	00000048 gMajinBuuSkel_bone006_gGanondorfRightShoulderLimb_mesh_layer_Opaque_tri_1


